// Jest Snapshot v1, https://goo.gl/fbAQLP

exports[`components/WithStore renders successfully 1`] = `
<View
  pointerEvents="box-none"
  style={
    Object {
      "flex": 1,
    }
  }
>
  <View
    collapsable={true}
    pointerEvents="box-none"
    style={
      Object {
        "flex": 1,
      }
    }
  >
    <Provider
      store={Object {}}
    >
      <View>
        <Text>
          Sample screen
        </Text>
      </View>
    </Provider>
  </View>
</View>
`;
