// Jest Snapshot v1, https://goo.gl/fbAQLP

exports[`components/WithScreen renders successfully 1`] = `
<View
  pointerEvents="box-none"
  style={
    Object {
      "flex": 1,
    }
  }
>
  <View
    collapsable={true}
    pointerEvents="box-none"
    style={
      Object {
        "flex": 1,
      }
    }
  >
    <View>
      <Text>
        Sample screen
      </Text>
    </View>
  </View>
</View>
`;

exports[`components/WithScreen renders with always refresh successfully 1`] = `
<View
  pointerEvents="box-none"
  style={
    Object {
      "flex": 1,
    }
  }
>
  <View
    collapsable={true}
    pointerEvents="box-none"
    style={
      Object {
        "flex": 1,
      }
    }
  >
    <View>
      <Text>
        Sample screen
      </Text>
    </View>
  </View>
</View>
`;

exports[`components/WithScreen renders with lazy load successfully 1`] = `
<View
  pointerEvents="box-none"
  style={
    Object {
      "flex": 1,
    }
  }
>
  <View
    collapsable={true}
    pointerEvents="box-none"
    style={
      Object {
        "flex": 1,
      }
    }
  >
    <View>
      <Text>
        Sample screen
      </Text>
    </View>
  </View>
</View>
`;
